Archive member included because of file (symbol)

c:/winavr-20100110/bin/../lib/gcc/avr/4.3.3/avr3\libgcc.a(_exit.o)
                              c:/winavr-20100110/bin/../lib/gcc/avr/4.3.3/../../../../avr/lib/avr3/crt43320.o (exit)
c:/winavr-20100110/bin/../lib/gcc/avr/4.3.3/avr3\libgcc.a(_fixunssfsi.o)
                              obj\Debug\main.o (__fixunssfsi)
c:/winavr-20100110/bin/../lib/gcc/avr/4.3.3/avr3\libgcc.a(_addsub_sf.o)
                              c:/winavr-20100110/bin/../lib/gcc/avr/4.3.3/avr3\libgcc.a(_fixunssfsi.o) (__subsf3)
c:/winavr-20100110/bin/../lib/gcc/avr/4.3.3/avr3\libgcc.a(_mul_sf.o)
                              obj\Debug\main.o (__mulsf3)
c:/winavr-20100110/bin/../lib/gcc/avr/4.3.3/avr3\libgcc.a(_gt_sf.o)
                              obj\Debug\main.o (__gtsf2)
c:/winavr-20100110/bin/../lib/gcc/avr/4.3.3/avr3\libgcc.a(_ge_sf.o)
                              c:/winavr-20100110/bin/../lib/gcc/avr/4.3.3/avr3\libgcc.a(_fixunssfsi.o) (__gesf2)
c:/winavr-20100110/bin/../lib/gcc/avr/4.3.3/avr3\libgcc.a(_lt_sf.o)
                              obj\Debug\main.o (__ltsf2)
c:/winavr-20100110/bin/../lib/gcc/avr/4.3.3/avr3\libgcc.a(_sf_to_si.o)
                              c:/winavr-20100110/bin/../lib/gcc/avr/4.3.3/avr3\libgcc.a(_fixunssfsi.o) (__fixsfsi)
c:/winavr-20100110/bin/../lib/gcc/avr/4.3.3/avr3\libgcc.a(_thenan_sf.o)
                              c:/winavr-20100110/bin/../lib/gcc/avr/4.3.3/avr3\libgcc.a(_addsub_sf.o) (__thenan_sf)
c:/winavr-20100110/bin/../lib/gcc/avr/4.3.3/avr3\libgcc.a(_prologue.o)
                              c:/winavr-20100110/bin/../lib/gcc/avr/4.3.3/avr3\libgcc.a(_addsub_sf.o) (__prologue_saves__)
c:/winavr-20100110/bin/../lib/gcc/avr/4.3.3/avr3\libgcc.a(_epilogue.o)
                              c:/winavr-20100110/bin/../lib/gcc/avr/4.3.3/avr3\libgcc.a(_addsub_sf.o) (__epilogue_restores__)
c:/winavr-20100110/bin/../lib/gcc/avr/4.3.3/avr3\libgcc.a(_copy_data.o)
                              c:/winavr-20100110/bin/../lib/gcc/avr/4.3.3/avr3\libgcc.a(_thenan_sf.o) (__do_copy_data)
c:/winavr-20100110/bin/../lib/gcc/avr/4.3.3/avr3\libgcc.a(_pack_sf.o)
                              c:/winavr-20100110/bin/../lib/gcc/avr/4.3.3/avr3\libgcc.a(_addsub_sf.o) (__pack_f)
c:/winavr-20100110/bin/../lib/gcc/avr/4.3.3/avr3\libgcc.a(_unpack_sf.o)
                              c:/winavr-20100110/bin/../lib/gcc/avr/4.3.3/avr3\libgcc.a(_addsub_sf.o) (__unpack_f)
c:/winavr-20100110/bin/../lib/gcc/avr/4.3.3/avr3\libgcc.a(_fpcmp_parts_sf.o)
                              c:/winavr-20100110/bin/../lib/gcc/avr/4.3.3/avr3\libgcc.a(_gt_sf.o) (__fpcmp_parts_f)

Memory Configuration

Name             Origin             Length             Attributes
text             0x00000000         0x00020000         xr
data             0x00800060         0x0000ffa0         rw !x
eeprom           0x00810000         0x00010000         rw !x
fuse             0x00820000         0x00000400         rw !x
lock             0x00830000         0x00000400         rw !x
signature        0x00840000         0x00000400         rw !x
*default*        0x00000000         0xffffffff

Linker script and memory map

LOAD c:/winavr-20100110/bin/../lib/gcc/avr/4.3.3/../../../../avr/lib/avr3/crt43320.o
LOAD obj\Debug\main.o
LOAD c:/winavr-20100110/bin/../lib/gcc/avr/4.3.3/avr3\libgcc.a
LOAD c:/winavr-20100110/bin/../lib/gcc/avr/4.3.3/../../../../avr/lib/avr3\libc.a
LOAD c:/winavr-20100110/bin/../lib/gcc/avr/4.3.3/avr3\libgcc.a

.hash
 *(.hash)

.dynsym
 *(.dynsym)

.dynstr
 *(.dynstr)

.gnu.version
 *(.gnu.version)

.gnu.version_d
 *(.gnu.version_d)

.gnu.version_r
 *(.gnu.version_r)

.rel.init
 *(.rel.init)

.rela.init
 *(.rela.init)

.rel.text
 *(.rel.text)
 *(.rel.text.*)
 *(.rel.gnu.linkonce.t*)

.rela.text
 *(.rela.text)
 *(.rela.text.*)
 *(.rela.gnu.linkonce.t*)

.rel.fini
 *(.rel.fini)

.rela.fini
 *(.rela.fini)

.rel.rodata
 *(.rel.rodata)
 *(.rel.rodata.*)
 *(.rel.gnu.linkonce.r*)

.rela.rodata
 *(.rela.rodata)
 *(.rela.rodata.*)
 *(.rela.gnu.linkonce.r*)

.rel.data
 *(.rel.data)
 *(.rel.data.*)
 *(.rel.gnu.linkonce.d*)

.rela.data
 *(.rela.data)
 *(.rela.data.*)
 *(.rela.gnu.linkonce.d*)

.rel.ctors
 *(.rel.ctors)

.rela.ctors
 *(.rela.ctors)

.rel.dtors
 *(.rel.dtors)

.rela.dtors
 *(.rela.dtors)

.rel.got
 *(.rel.got)

.rela.got
 *(.rela.got)

.rel.bss
 *(.rel.bss)

.rela.bss
 *(.rela.bss)

.rel.plt
 *(.rel.plt)

.rela.plt
 *(.rela.plt)

.text           0x00000000      0xdc2
 *(.vectors)
 .vectors       0x00000000       0x34 c:/winavr-20100110/bin/../lib/gcc/avr/4.3.3/../../../../avr/lib/avr3/crt43320.o
                0x00000000                __vectors
                0x00000000                __vector_default
 *(.vectors)
 *(.progmem.gcc*)
 *(.progmem*)
                0x00000034                . = ALIGN (0x2)
                0x00000034                __trampolines_start = .
 *(.trampolines)
 .trampolines   0x00000034        0x0 linker stubs
 *(.trampolines*)
                0x00000034                __trampolines_end = .
 *(.jumptables)
 *(.jumptables*)
 *(.lowtext)
 *(.lowtext*)
                0x00000034                __ctors_start = .
 *(.ctors)
                0x00000034                __ctors_end = .
                0x00000034                __dtors_start = .
 *(.dtors)
                0x00000034                __dtors_end = .
 SORT(*)(.ctors)
 SORT(*)(.dtors)
 *(.init0)
 .init0         0x00000034        0x0 c:/winavr-20100110/bin/../lib/gcc/avr/4.3.3/../../../../avr/lib/avr3/crt43320.o
                0x00000034                __init
 *(.init0)
 *(.init1)
 *(.init1)
 *(.init2)
 .init2         0x00000034        0xc c:/winavr-20100110/bin/../lib/gcc/avr/4.3.3/../../../../avr/lib/avr3/crt43320.o
 *(.init2)
 *(.init3)
 *(.init3)
 *(.init4)
 .init4         0x00000040       0x18 c:/winavr-20100110/bin/../lib/gcc/avr/4.3.3/avr3\libgcc.a(_copy_data.o)
                0x00000040                __do_copy_data
 *(.init4)
 *(.init5)
 *(.init5)
 *(.init6)
 *(.init6)
 *(.init7)
 *(.init7)
 *(.init8)
 *(.init8)
 *(.init9)
 .init9         0x00000058        0x8 c:/winavr-20100110/bin/../lib/gcc/avr/4.3.3/../../../../avr/lib/avr3/crt43320.o
 *(.init9)
 *(.text)
 .text          0x00000060        0x4 c:/winavr-20100110/bin/../lib/gcc/avr/4.3.3/../../../../avr/lib/avr3/crt43320.o
                0x00000060                __vector_1
                0x00000060                __vector_12
                0x00000060                __bad_interrupt
                0x00000060                __vector_6
                0x00000060                __vector_3
                0x00000060                __vector_11
                0x00000060                __vector_7
                0x00000060                __vector_5
                0x00000060                __vector_4
                0x00000060                __vector_9
                0x00000060                __vector_2
                0x00000060                __vector_8
                0x00000060                __vector_10
 .text          0x00000064      0x130 obj\Debug\main.o
                0x00000064                main
 .text          0x00000194        0x0 c:/winavr-20100110/bin/../lib/gcc/avr/4.3.3/avr3\libgcc.a(_exit.o)
 .text          0x00000194       0x70 c:/winavr-20100110/bin/../lib/gcc/avr/4.3.3/avr3\libgcc.a(_fixunssfsi.o)
                0x00000194                __fixunssfsi
 .text          0x00000204      0x3c0 c:/winavr-20100110/bin/../lib/gcc/avr/4.3.3/avr3\libgcc.a(_addsub_sf.o)
                0x000004e8                __subsf3
                0x0000055a                __addsf3
 .text          0x000005c4      0x216 c:/winavr-20100110/bin/../lib/gcc/avr/4.3.3/avr3\libgcc.a(_mul_sf.o)
                0x000005c4                __mulsf3
 .text          0x000007da       0x6e c:/winavr-20100110/bin/../lib/gcc/avr/4.3.3/avr3\libgcc.a(_gt_sf.o)
                0x000007da                __gtsf2
 .text          0x00000848       0x6e c:/winavr-20100110/bin/../lib/gcc/avr/4.3.3/avr3\libgcc.a(_ge_sf.o)
                0x00000848                __gesf2
 .text          0x000008b6       0x6e c:/winavr-20100110/bin/../lib/gcc/avr/4.3.3/avr3\libgcc.a(_lt_sf.o)
                0x000008b6                __ltsf2
 .text          0x00000924       0xb0 c:/winavr-20100110/bin/../lib/gcc/avr/4.3.3/avr3\libgcc.a(_sf_to_si.o)
                0x00000924                __fixsfsi
 .text          0x000009d4        0x0 c:/winavr-20100110/bin/../lib/gcc/avr/4.3.3/avr3\libgcc.a(_thenan_sf.o)
 .text          0x000009d4        0x0 c:/winavr-20100110/bin/../lib/gcc/avr/4.3.3/avr3\libgcc.a(_prologue.o)
 .text          0x000009d4        0x0 c:/winavr-20100110/bin/../lib/gcc/avr/4.3.3/avr3\libgcc.a(_epilogue.o)
 .text          0x000009d4        0x0 c:/winavr-20100110/bin/../lib/gcc/avr/4.3.3/avr3\libgcc.a(_copy_data.o)
 .text          0x000009d4      0x1ca c:/winavr-20100110/bin/../lib/gcc/avr/4.3.3/avr3\libgcc.a(_pack_sf.o)
                0x000009d4                __pack_f
 .text          0x00000b9e       0xf8 c:/winavr-20100110/bin/../lib/gcc/avr/4.3.3/avr3\libgcc.a(_unpack_sf.o)
                0x00000b9e                __unpack_f
 .text          0x00000c96       0xb8 c:/winavr-20100110/bin/../lib/gcc/avr/4.3.3/avr3\libgcc.a(_fpcmp_parts_sf.o)
                0x00000c96                __fpcmp_parts_f
                0x00000d4e                . = ALIGN (0x2)
 *(.text.*)
 .text.libgcc   0x00000d4e        0x0 c:/winavr-20100110/bin/../lib/gcc/avr/4.3.3/avr3\libgcc.a(_exit.o)
 .text.libgcc   0x00000d4e       0x38 c:/winavr-20100110/bin/../lib/gcc/avr/4.3.3/avr3\libgcc.a(_prologue.o)
                0x00000d4e                __prologue_saves__
 .text.libgcc   0x00000d86       0x38 c:/winavr-20100110/bin/../lib/gcc/avr/4.3.3/avr3\libgcc.a(_epilogue.o)
                0x00000d86                __epilogue_restores__
 .text.libgcc   0x00000dbe        0x0 c:/winavr-20100110/bin/../lib/gcc/avr/4.3.3/avr3\libgcc.a(_copy_data.o)
                0x00000dbe                . = ALIGN (0x2)
 *(.fini9)
 .fini9         0x00000dbe        0x0 c:/winavr-20100110/bin/../lib/gcc/avr/4.3.3/avr3\libgcc.a(_exit.o)
                0x00000dbe                exit
                0x00000dbe                _exit
 *(.fini9)
 *(.fini8)
 *(.fini8)
 *(.fini7)
 *(.fini7)
 *(.fini6)
 *(.fini6)
 *(.fini5)
 *(.fini5)
 *(.fini4)
 *(.fini4)
 *(.fini3)
 *(.fini3)
 *(.fini2)
 *(.fini2)
 *(.fini1)
 *(.fini1)
 *(.fini0)
 .fini0         0x00000dbe        0x4 c:/winavr-20100110/bin/../lib/gcc/avr/4.3.3/avr3\libgcc.a(_exit.o)
 *(.fini0)
                0x00000dc2                _etext = .

.data           0x00800060        0x8 load address 0x00000dc2
                0x00800060                PROVIDE (__data_start, .)
 *(.data)
 .data          0x00800060        0x0 c:/winavr-20100110/bin/../lib/gcc/avr/4.3.3/../../../../avr/lib/avr3/crt43320.o
 .data          0x00800060        0x0 obj\Debug\main.o
 .data          0x00800060        0x0 c:/winavr-20100110/bin/../lib/gcc/avr/4.3.3/avr3\libgcc.a(_exit.o)
 .data          0x00800060        0x0 c:/winavr-20100110/bin/../lib/gcc/avr/4.3.3/avr3\libgcc.a(_fixunssfsi.o)
 .data          0x00800060        0x0 c:/winavr-20100110/bin/../lib/gcc/avr/4.3.3/avr3\libgcc.a(_addsub_sf.o)
 .data          0x00800060        0x0 c:/winavr-20100110/bin/../lib/gcc/avr/4.3.3/avr3\libgcc.a(_mul_sf.o)
 .data          0x00800060        0x0 c:/winavr-20100110/bin/../lib/gcc/avr/4.3.3/avr3\libgcc.a(_gt_sf.o)
 .data          0x00800060        0x0 c:/winavr-20100110/bin/../lib/gcc/avr/4.3.3/avr3\libgcc.a(_ge_sf.o)
 .data          0x00800060        0x0 c:/winavr-20100110/bin/../lib/gcc/avr/4.3.3/avr3\libgcc.a(_lt_sf.o)
 .data          0x00800060        0x0 c:/winavr-20100110/bin/../lib/gcc/avr/4.3.3/avr3\libgcc.a(_sf_to_si.o)
 .data          0x00800060        0x8 c:/winavr-20100110/bin/../lib/gcc/avr/4.3.3/avr3\libgcc.a(_thenan_sf.o)
                0x00800060                __thenan_sf
 .data          0x00800068        0x0 c:/winavr-20100110/bin/../lib/gcc/avr/4.3.3/avr3\libgcc.a(_prologue.o)
 .data          0x00800068        0x0 c:/winavr-20100110/bin/../lib/gcc/avr/4.3.3/avr3\libgcc.a(_epilogue.o)
 .data          0x00800068        0x0 c:/winavr-20100110/bin/../lib/gcc/avr/4.3.3/avr3\libgcc.a(_copy_data.o)
 .data          0x00800068        0x0 c:/winavr-20100110/bin/../lib/gcc/avr/4.3.3/avr3\libgcc.a(_pack_sf.o)
 .data          0x00800068        0x0 c:/winavr-20100110/bin/../lib/gcc/avr/4.3.3/avr3\libgcc.a(_unpack_sf.o)
 .data          0x00800068        0x0 c:/winavr-20100110/bin/../lib/gcc/avr/4.3.3/avr3\libgcc.a(_fpcmp_parts_sf.o)
 *(.data*)
 *(.rodata)
 *(.rodata*)
 *(.gnu.linkonce.d*)
                0x00800068                . = ALIGN (0x2)
                0x00800068                _edata = .
                0x00800068                PROVIDE (__data_end, .)

.bss            0x00800068        0x0
                0x00800068                PROVIDE (__bss_start, .)
 *(.bss)
 .bss           0x00800068        0x0 c:/winavr-20100110/bin/../lib/gcc/avr/4.3.3/../../../../avr/lib/avr3/crt43320.o
 .bss           0x00800068        0x0 obj\Debug\main.o
 .bss           0x00800068        0x0 c:/winavr-20100110/bin/../lib/gcc/avr/4.3.3/avr3\libgcc.a(_exit.o)
 .bss           0x00800068        0x0 c:/winavr-20100110/bin/../lib/gcc/avr/4.3.3/avr3\libgcc.a(_fixunssfsi.o)
 .bss           0x00800068        0x0 c:/winavr-20100110/bin/../lib/gcc/avr/4.3.3/avr3\libgcc.a(_addsub_sf.o)
 .bss           0x00800068        0x0 c:/winavr-20100110/bin/../lib/gcc/avr/4.3.3/avr3\libgcc.a(_mul_sf.o)
 .bss           0x00800068        0x0 c:/winavr-20100110/bin/../lib/gcc/avr/4.3.3/avr3\libgcc.a(_gt_sf.o)
 .bss           0x00800068        0x0 c:/winavr-20100110/bin/../lib/gcc/avr/4.3.3/avr3\libgcc.a(_ge_sf.o)
 .bss           0x00800068        0x0 c:/winavr-20100110/bin/../lib/gcc/avr/4.3.3/avr3\libgcc.a(_lt_sf.o)
 .bss           0x00800068        0x0 c:/winavr-20100110/bin/../lib/gcc/avr/4.3.3/avr3\libgcc.a(_sf_to_si.o)
 .bss           0x00800068        0x0 c:/winavr-20100110/bin/../lib/gcc/avr/4.3.3/avr3\libgcc.a(_thenan_sf.o)
 .bss           0x00800068        0x0 c:/winavr-20100110/bin/../lib/gcc/avr/4.3.3/avr3\libgcc.a(_prologue.o)
 .bss           0x00800068        0x0 c:/winavr-20100110/bin/../lib/gcc/avr/4.3.3/avr3\libgcc.a(_epilogue.o)
 .bss           0x00800068        0x0 c:/winavr-20100110/bin/../lib/gcc/avr/4.3.3/avr3\libgcc.a(_copy_data.o)
 .bss           0x00800068        0x0 c:/winavr-20100110/bin/../lib/gcc/avr/4.3.3/avr3\libgcc.a(_pack_sf.o)
 .bss           0x00800068        0x0 c:/winavr-20100110/bin/../lib/gcc/avr/4.3.3/avr3\libgcc.a(_unpack_sf.o)
 .bss           0x00800068        0x0 c:/winavr-20100110/bin/../lib/gcc/avr/4.3.3/avr3\libgcc.a(_fpcmp_parts_sf.o)
 *(.bss*)
 *(COMMON)
                0x00800068                PROVIDE (__bss_end, .)
                0x00000dc2                __data_load_start = LOADADDR (.data)
                0x00000dca                __data_load_end = (__data_load_start + SIZEOF (.data))

.noinit         0x00800068        0x0
                0x00800068                PROVIDE (__noinit_start, .)
 *(.noinit*)
                0x00800068                PROVIDE (__noinit_end, .)
                0x00800068                _end = .
                0x00800068                PROVIDE (__heap_start, .)

.eeprom         0x00810000        0x0
 *(.eeprom*)
                0x00810000                __eeprom_end = .

.fuse
 *(.fuse)
 *(.lfuse)
 *(.hfuse)
 *(.efuse)

.lock
 *(.lock*)

.signature
 *(.signature*)

.stab
 *(.stab)

.stabstr
 *(.stabstr)

.stab.excl
 *(.stab.excl)

.stab.exclstr
 *(.stab.exclstr)

.stab.index
 *(.stab.index)

.stab.indexstr
 *(.stab.indexstr)

.comment
 *(.comment)

.debug
 *(.debug)

.line
 *(.line)

.debug_srcinfo
 *(.debug_srcinfo)

.debug_sfnames
 *(.debug_sfnames)

.debug_aranges  0x00000000      0x160
 *(.debug_aranges)
 .debug_aranges
                0x00000000       0x20 obj\Debug\main.o
 .debug_aranges
                0x00000020       0x20 c:/winavr-20100110/bin/../lib/gcc/avr/4.3.3/avr3\libgcc.a(_fixunssfsi.o)
 .debug_aranges
                0x00000040       0x20 c:/winavr-20100110/bin/../lib/gcc/avr/4.3.3/avr3\libgcc.a(_addsub_sf.o)
 .debug_aranges
                0x00000060       0x20 c:/winavr-20100110/bin/../lib/gcc/avr/4.3.3/avr3\libgcc.a(_mul_sf.o)
 .debug_aranges
                0x00000080       0x20 c:/winavr-20100110/bin/../lib/gcc/avr/4.3.3/avr3\libgcc.a(_gt_sf.o)
 .debug_aranges
                0x000000a0       0x20 c:/winavr-20100110/bin/../lib/gcc/avr/4.3.3/avr3\libgcc.a(_ge_sf.o)
 .debug_aranges
                0x000000c0       0x20 c:/winavr-20100110/bin/../lib/gcc/avr/4.3.3/avr3\libgcc.a(_lt_sf.o)
 .debug_aranges
                0x000000e0       0x20 c:/winavr-20100110/bin/../lib/gcc/avr/4.3.3/avr3\libgcc.a(_sf_to_si.o)
 .debug_aranges
                0x00000100       0x20 c:/winavr-20100110/bin/../lib/gcc/avr/4.3.3/avr3\libgcc.a(_pack_sf.o)
 .debug_aranges
                0x00000120       0x20 c:/winavr-20100110/bin/../lib/gcc/avr/4.3.3/avr3\libgcc.a(_unpack_sf.o)
 .debug_aranges
                0x00000140       0x20 c:/winavr-20100110/bin/../lib/gcc/avr/4.3.3/avr3\libgcc.a(_fpcmp_parts_sf.o)

.debug_pubnames
                0x00000000      0x18b
 *(.debug_pubnames)
 .debug_pubnames
                0x00000000       0x1b obj\Debug\main.o
 .debug_pubnames
                0x0000001b       0x23 c:/winavr-20100110/bin/../lib/gcc/avr/4.3.3/avr3\libgcc.a(_fixunssfsi.o)
 .debug_pubnames
                0x0000003e       0x2c c:/winavr-20100110/bin/../lib/gcc/avr/4.3.3/avr3\libgcc.a(_addsub_sf.o)
 .debug_pubnames
                0x0000006a       0x1f c:/winavr-20100110/bin/../lib/gcc/avr/4.3.3/avr3\libgcc.a(_mul_sf.o)
 .debug_pubnames
                0x00000089       0x1e c:/winavr-20100110/bin/../lib/gcc/avr/4.3.3/avr3\libgcc.a(_gt_sf.o)
 .debug_pubnames
                0x000000a7       0x1e c:/winavr-20100110/bin/../lib/gcc/avr/4.3.3/avr3\libgcc.a(_ge_sf.o)
 .debug_pubnames
                0x000000c5       0x1e c:/winavr-20100110/bin/../lib/gcc/avr/4.3.3/avr3\libgcc.a(_lt_sf.o)
 .debug_pubnames
                0x000000e3       0x20 c:/winavr-20100110/bin/../lib/gcc/avr/4.3.3/avr3\libgcc.a(_sf_to_si.o)
 .debug_pubnames
                0x00000103       0x22 c:/winavr-20100110/bin/../lib/gcc/avr/4.3.3/avr3\libgcc.a(_thenan_sf.o)
 .debug_pubnames
                0x00000125       0x1f c:/winavr-20100110/bin/../lib/gcc/avr/4.3.3/avr3\libgcc.a(_pack_sf.o)
 .debug_pubnames
                0x00000144       0x21 c:/winavr-20100110/bin/../lib/gcc/avr/4.3.3/avr3\libgcc.a(_unpack_sf.o)
 .debug_pubnames
                0x00000165       0x26 c:/winavr-20100110/bin/../lib/gcc/avr/4.3.3/avr3\libgcc.a(_fpcmp_parts_sf.o)

.debug_info     0x00000000     0x1d6e
 *(.debug_info)
 .debug_info    0x00000000      0x125 obj\Debug\main.o
 .debug_info    0x00000125       0xb1 c:/winavr-20100110/bin/../lib/gcc/avr/4.3.3/avr3\libgcc.a(_fixunssfsi.o)
 .debug_info    0x000001d6      0x47a c:/winavr-20100110/bin/../lib/gcc/avr/4.3.3/avr3\libgcc.a(_addsub_sf.o)
 .debug_info    0x00000650      0x485 c:/winavr-20100110/bin/../lib/gcc/avr/4.3.3/avr3\libgcc.a(_mul_sf.o)
 .debug_info    0x00000ad5      0x27f c:/winavr-20100110/bin/../lib/gcc/avr/4.3.3/avr3\libgcc.a(_gt_sf.o)
 .debug_info    0x00000d54      0x27f c:/winavr-20100110/bin/../lib/gcc/avr/4.3.3/avr3\libgcc.a(_ge_sf.o)
 .debug_info    0x00000fd3      0x27f c:/winavr-20100110/bin/../lib/gcc/avr/4.3.3/avr3\libgcc.a(_lt_sf.o)
 .debug_info    0x00001252      0x2b0 c:/winavr-20100110/bin/../lib/gcc/avr/4.3.3/avr3\libgcc.a(_sf_to_si.o)
 .debug_info    0x00001502      0x12c c:/winavr-20100110/bin/../lib/gcc/avr/4.3.3/avr3\libgcc.a(_thenan_sf.o)
 .debug_info    0x0000162e      0x2df c:/winavr-20100110/bin/../lib/gcc/avr/4.3.3/avr3\libgcc.a(_pack_sf.o)
 .debug_info    0x0000190d      0x251 c:/winavr-20100110/bin/../lib/gcc/avr/4.3.3/avr3\libgcc.a(_unpack_sf.o)
 .debug_info    0x00001b5e      0x210 c:/winavr-20100110/bin/../lib/gcc/avr/4.3.3/avr3\libgcc.a(_fpcmp_parts_sf.o)
 *(.gnu.linkonce.wi.*)

.debug_abbrev   0x00000000      0xfa3
 *(.debug_abbrev)
 .debug_abbrev  0x00000000       0xb8 obj\Debug\main.o
 .debug_abbrev  0x000000b8       0x5d c:/winavr-20100110/bin/../lib/gcc/avr/4.3.3/avr3\libgcc.a(_fixunssfsi.o)
 .debug_abbrev  0x00000115      0x1ea c:/winavr-20100110/bin/../lib/gcc/avr/4.3.3/avr3\libgcc.a(_addsub_sf.o)
 .debug_abbrev  0x000002ff      0x21b c:/winavr-20100110/bin/../lib/gcc/avr/4.3.3/avr3\libgcc.a(_mul_sf.o)
 .debug_abbrev  0x0000051a      0x15a c:/winavr-20100110/bin/../lib/gcc/avr/4.3.3/avr3\libgcc.a(_gt_sf.o)
 .debug_abbrev  0x00000674      0x15a c:/winavr-20100110/bin/../lib/gcc/avr/4.3.3/avr3\libgcc.a(_ge_sf.o)
 .debug_abbrev  0x000007ce      0x15a c:/winavr-20100110/bin/../lib/gcc/avr/4.3.3/avr3\libgcc.a(_lt_sf.o)
 .debug_abbrev  0x00000928      0x17f c:/winavr-20100110/bin/../lib/gcc/avr/4.3.3/avr3\libgcc.a(_sf_to_si.o)
 .debug_abbrev  0x00000aa7       0xad c:/winavr-20100110/bin/../lib/gcc/avr/4.3.3/avr3\libgcc.a(_thenan_sf.o)
 .debug_abbrev  0x00000b54      0x1c0 c:/winavr-20100110/bin/../lib/gcc/avr/4.3.3/avr3\libgcc.a(_pack_sf.o)
 .debug_abbrev  0x00000d14      0x154 c:/winavr-20100110/bin/../lib/gcc/avr/4.3.3/avr3\libgcc.a(_unpack_sf.o)
 .debug_abbrev  0x00000e68      0x13b c:/winavr-20100110/bin/../lib/gcc/avr/4.3.3/avr3\libgcc.a(_fpcmp_parts_sf.o)

.debug_line     0x00000000      0xf0f
 *(.debug_line)
 .debug_line    0x00000000      0x162 obj\Debug\main.o
 .debug_line    0x00000162       0xa7 c:/winavr-20100110/bin/../lib/gcc/avr/4.3.3/avr3\libgcc.a(_fixunssfsi.o)
 .debug_line    0x00000209      0x2af c:/winavr-20100110/bin/../lib/gcc/avr/4.3.3/avr3\libgcc.a(_addsub_sf.o)
 .debug_line    0x000004b8      0x239 c:/winavr-20100110/bin/../lib/gcc/avr/4.3.3/avr3\libgcc.a(_mul_sf.o)
 .debug_line    0x000006f1       0xd3 c:/winavr-20100110/bin/../lib/gcc/avr/4.3.3/avr3\libgcc.a(_gt_sf.o)
 .debug_line    0x000007c4       0xd3 c:/winavr-20100110/bin/../lib/gcc/avr/4.3.3/avr3\libgcc.a(_ge_sf.o)
 .debug_line    0x00000897       0xd3 c:/winavr-20100110/bin/../lib/gcc/avr/4.3.3/avr3\libgcc.a(_lt_sf.o)
 .debug_line    0x0000096a      0x109 c:/winavr-20100110/bin/../lib/gcc/avr/4.3.3/avr3\libgcc.a(_sf_to_si.o)
 .debug_line    0x00000a73       0x90 c:/winavr-20100110/bin/../lib/gcc/avr/4.3.3/avr3\libgcc.a(_thenan_sf.o)
 .debug_line    0x00000b03      0x18a c:/winavr-20100110/bin/../lib/gcc/avr/4.3.3/avr3\libgcc.a(_pack_sf.o)
 .debug_line    0x00000c8d      0x14b c:/winavr-20100110/bin/../lib/gcc/avr/4.3.3/avr3\libgcc.a(_unpack_sf.o)
 .debug_line    0x00000dd8      0x137 c:/winavr-20100110/bin/../lib/gcc/avr/4.3.3/avr3\libgcc.a(_fpcmp_parts_sf.o)

.debug_frame    0x00000000      0x180
 *(.debug_frame)
 .debug_frame   0x00000000       0x20 obj\Debug\main.o
 .debug_frame   0x00000020       0x20 c:/winavr-20100110/bin/../lib/gcc/avr/4.3.3/avr3\libgcc.a(_fixunssfsi.o)
 .debug_frame   0x00000040       0x40 c:/winavr-20100110/bin/../lib/gcc/avr/4.3.3/avr3\libgcc.a(_addsub_sf.o)
 .debug_frame   0x00000080       0x20 c:/winavr-20100110/bin/../lib/gcc/avr/4.3.3/avr3\libgcc.a(_mul_sf.o)
 .debug_frame   0x000000a0       0x20 c:/winavr-20100110/bin/../lib/gcc/avr/4.3.3/avr3\libgcc.a(_gt_sf.o)
 .debug_frame   0x000000c0       0x20 c:/winavr-20100110/bin/../lib/gcc/avr/4.3.3/avr3\libgcc.a(_ge_sf.o)
 .debug_frame   0x000000e0       0x20 c:/winavr-20100110/bin/../lib/gcc/avr/4.3.3/avr3\libgcc.a(_lt_sf.o)
 .debug_frame   0x00000100       0x20 c:/winavr-20100110/bin/../lib/gcc/avr/4.3.3/avr3\libgcc.a(_sf_to_si.o)
 .debug_frame   0x00000120       0x20 c:/winavr-20100110/bin/../lib/gcc/avr/4.3.3/avr3\libgcc.a(_pack_sf.o)
 .debug_frame   0x00000140       0x20 c:/winavr-20100110/bin/../lib/gcc/avr/4.3.3/avr3\libgcc.a(_unpack_sf.o)
 .debug_frame   0x00000160       0x20 c:/winavr-20100110/bin/../lib/gcc/avr/4.3.3/avr3\libgcc.a(_fpcmp_parts_sf.o)

.debug_str      0x00000000      0x2ff
 *(.debug_str)
 .debug_str     0x00000000       0xb1 obj\Debug\main.o
                                 0xe5 (size before relaxing)
 .debug_str     0x000000b1       0x80 c:/winavr-20100110/bin/../lib/gcc/avr/4.3.3/avr3\libgcc.a(_fixunssfsi.o)
                                 0xfe (size before relaxing)
 .debug_str     0x00000131      0x14d c:/winavr-20100110/bin/../lib/gcc/avr/4.3.3/avr3\libgcc.a(_addsub_sf.o)
                                0x206 (size before relaxing)
 .debug_str     0x0000027e       0x27 c:/winavr-20100110/bin/../lib/gcc/avr/4.3.3/avr3\libgcc.a(_mul_sf.o)
                                0x1bf (size before relaxing)
 .debug_str     0x000002a5        0xf c:/winavr-20100110/bin/../lib/gcc/avr/4.3.3/avr3\libgcc.a(_gt_sf.o)
                                0x195 (size before relaxing)
 .debug_str     0x000002b4        0x8 c:/winavr-20100110/bin/../lib/gcc/avr/4.3.3/avr3\libgcc.a(_ge_sf.o)
                                0x195 (size before relaxing)
 .debug_str     0x000002bc        0x8 c:/winavr-20100110/bin/../lib/gcc/avr/4.3.3/avr3\libgcc.a(_lt_sf.o)
                                0x195 (size before relaxing)
 .debug_str     0x000002c4        0xa c:/winavr-20100110/bin/../lib/gcc/avr/4.3.3/avr3\libgcc.a(_sf_to_si.o)
                                0x19e (size before relaxing)
 .debug_str     0x00000000      0x103 c:/winavr-20100110/bin/../lib/gcc/avr/4.3.3/avr3\libgcc.a(_thenan_sf.o)
 .debug_str     0x000002ce       0x16 c:/winavr-20100110/bin/../lib/gcc/avr/4.3.3/avr3\libgcc.a(_pack_sf.o)
                                0x19d (size before relaxing)
 .debug_str     0x000002e4        0xb c:/winavr-20100110/bin/../lib/gcc/avr/4.3.3/avr3\libgcc.a(_unpack_sf.o)
                                0x17f (size before relaxing)
 .debug_str     0x000002ef       0x10 c:/winavr-20100110/bin/../lib/gcc/avr/4.3.3/avr3\libgcc.a(_fpcmp_parts_sf.o)
                                0x163 (size before relaxing)

.debug_loc      0x00000000      0x7be
 *(.debug_loc)
 .debug_loc     0x00000000       0x34 c:/winavr-20100110/bin/../lib/gcc/avr/4.3.3/avr3\libgcc.a(_fixunssfsi.o)
 .debug_loc     0x00000034      0x31a c:/winavr-20100110/bin/../lib/gcc/avr/4.3.3/avr3\libgcc.a(_addsub_sf.o)
 .debug_loc     0x0000034e      0x104 c:/winavr-20100110/bin/../lib/gcc/avr/4.3.3/avr3\libgcc.a(_mul_sf.o)
 .debug_loc     0x00000452       0x3c c:/winavr-20100110/bin/../lib/gcc/avr/4.3.3/avr3\libgcc.a(_gt_sf.o)
 .debug_loc     0x0000048e       0x3c c:/winavr-20100110/bin/../lib/gcc/avr/4.3.3/avr3\libgcc.a(_ge_sf.o)
 .debug_loc     0x000004ca       0x3c c:/winavr-20100110/bin/../lib/gcc/avr/4.3.3/avr3\libgcc.a(_lt_sf.o)
 .debug_loc     0x00000506       0x7e c:/winavr-20100110/bin/../lib/gcc/avr/4.3.3/avr3\libgcc.a(_sf_to_si.o)
 .debug_loc     0x00000584      0x13e c:/winavr-20100110/bin/../lib/gcc/avr/4.3.3/avr3\libgcc.a(_pack_sf.o)
 .debug_loc     0x000006c2       0xac c:/winavr-20100110/bin/../lib/gcc/avr/4.3.3/avr3\libgcc.a(_unpack_sf.o)
 .debug_loc     0x0000076e       0x50 c:/winavr-20100110/bin/../lib/gcc/avr/4.3.3/avr3\libgcc.a(_fpcmp_parts_sf.o)

.debug_macinfo
 *(.debug_macinfo)
OUTPUT(bin\Debug\led.elf elf32-avr)
LOAD linker stubs

.debug_ranges   0x00000000       0x50
 .debug_ranges  0x00000000       0x50 c:/winavr-20100110/bin/../lib/gcc/avr/4.3.3/avr3\libgcc.a(_mul_sf.o)

Cross Reference Table

Symbol                                            File
__addsf3                                          c:/winavr-20100110/bin/../lib/gcc/avr/4.3.3/avr3\libgcc.a(_addsub_sf.o)
__bad_interrupt                                   c:/winavr-20100110/bin/../lib/gcc/avr/4.3.3/../../../../avr/lib/avr3/crt43320.o
__data_end                                        c:/winavr-20100110/bin/../lib/gcc/avr/4.3.3/avr3\libgcc.a(_copy_data.o)
__data_load_start                                 c:/winavr-20100110/bin/../lib/gcc/avr/4.3.3/avr3\libgcc.a(_copy_data.o)
__data_start                                      c:/winavr-20100110/bin/../lib/gcc/avr/4.3.3/avr3\libgcc.a(_copy_data.o)
__do_copy_data                                    c:/winavr-20100110/bin/../lib/gcc/avr/4.3.3/avr3\libgcc.a(_copy_data.o)
                                                  c:/winavr-20100110/bin/../lib/gcc/avr/4.3.3/avr3\libgcc.a(_thenan_sf.o)
__epilogue_restores__                             c:/winavr-20100110/bin/../lib/gcc/avr/4.3.3/avr3\libgcc.a(_epilogue.o)
                                                  c:/winavr-20100110/bin/../lib/gcc/avr/4.3.3/avr3\libgcc.a(_sf_to_si.o)
                                                  c:/winavr-20100110/bin/../lib/gcc/avr/4.3.3/avr3\libgcc.a(_lt_sf.o)
                                                  c:/winavr-20100110/bin/../lib/gcc/avr/4.3.3/avr3\libgcc.a(_ge_sf.o)
                                                  c:/winavr-20100110/bin/../lib/gcc/avr/4.3.3/avr3\libgcc.a(_gt_sf.o)
                                                  c:/winavr-20100110/bin/../lib/gcc/avr/4.3.3/avr3\libgcc.a(_mul_sf.o)
                                                  c:/winavr-20100110/bin/../lib/gcc/avr/4.3.3/avr3\libgcc.a(_addsub_sf.o)
__fixsfsi                                         c:/winavr-20100110/bin/../lib/gcc/avr/4.3.3/avr3\libgcc.a(_sf_to_si.o)
                                                  c:/winavr-20100110/bin/../lib/gcc/avr/4.3.3/avr3\libgcc.a(_fixunssfsi.o)
__fixunssfsi                                      c:/winavr-20100110/bin/../lib/gcc/avr/4.3.3/avr3\libgcc.a(_fixunssfsi.o)
                                                  obj\Debug\main.o
__fpcmp_parts_f                                   c:/winavr-20100110/bin/../lib/gcc/avr/4.3.3/avr3\libgcc.a(_fpcmp_parts_sf.o)
                                                  c:/winavr-20100110/bin/../lib/gcc/avr/4.3.3/avr3\libgcc.a(_lt_sf.o)
                                                  c:/winavr-20100110/bin/../lib/gcc/avr/4.3.3/avr3\libgcc.a(_ge_sf.o)
                                                  c:/winavr-20100110/bin/../lib/gcc/avr/4.3.3/avr3\libgcc.a(_gt_sf.o)
__gesf2                                           c:/winavr-20100110/bin/../lib/gcc/avr/4.3.3/avr3\libgcc.a(_ge_sf.o)
                                                  c:/winavr-20100110/bin/../lib/gcc/avr/4.3.3/avr3\libgcc.a(_fixunssfsi.o)
__gtsf2                                           c:/winavr-20100110/bin/../lib/gcc/avr/4.3.3/avr3\libgcc.a(_gt_sf.o)
                                                  obj\Debug\main.o
__heap_end                                        c:/winavr-20100110/bin/../lib/gcc/avr/4.3.3/../../../../avr/lib/avr3/crt43320.o
__init                                            c:/winavr-20100110/bin/../lib/gcc/avr/4.3.3/../../../../avr/lib/avr3/crt43320.o
__ltsf2                                           c:/winavr-20100110/bin/../lib/gcc/avr/4.3.3/avr3\libgcc.a(_lt_sf.o)
                                                  obj\Debug\main.o
__mulsf3                                          c:/winavr-20100110/bin/../lib/gcc/avr/4.3.3/avr3\libgcc.a(_mul_sf.o)
                                                  obj\Debug\main.o
__pack_f                                          c:/winavr-20100110/bin/../lib/gcc/avr/4.3.3/avr3\libgcc.a(_pack_sf.o)
                                                  c:/winavr-20100110/bin/../lib/gcc/avr/4.3.3/avr3\libgcc.a(_mul_sf.o)
                                                  c:/winavr-20100110/bin/../lib/gcc/avr/4.3.3/avr3\libgcc.a(_addsub_sf.o)
__prologue_saves__                                c:/winavr-20100110/bin/../lib/gcc/avr/4.3.3/avr3\libgcc.a(_prologue.o)
                                                  c:/winavr-20100110/bin/../lib/gcc/avr/4.3.3/avr3\libgcc.a(_sf_to_si.o)
                                                  c:/winavr-20100110/bin/../lib/gcc/avr/4.3.3/avr3\libgcc.a(_lt_sf.o)
                                                  c:/winavr-20100110/bin/../lib/gcc/avr/4.3.3/avr3\libgcc.a(_ge_sf.o)
                                                  c:/winavr-20100110/bin/../lib/gcc/avr/4.3.3/avr3\libgcc.a(_gt_sf.o)
                                                  c:/winavr-20100110/bin/../lib/gcc/avr/4.3.3/avr3\libgcc.a(_mul_sf.o)
                                                  c:/winavr-20100110/bin/../lib/gcc/avr/4.3.3/avr3\libgcc.a(_addsub_sf.o)
__stack                                           c:/winavr-20100110/bin/../lib/gcc/avr/4.3.3/../../../../avr/lib/avr3/crt43320.o
__subsf3                                          c:/winavr-20100110/bin/../lib/gcc/avr/4.3.3/avr3\libgcc.a(_addsub_sf.o)
                                                  c:/winavr-20100110/bin/../lib/gcc/avr/4.3.3/avr3\libgcc.a(_fixunssfsi.o)
__thenan_sf                                       c:/winavr-20100110/bin/../lib/gcc/avr/4.3.3/avr3\libgcc.a(_thenan_sf.o)
                                                  c:/winavr-20100110/bin/../lib/gcc/avr/4.3.3/avr3\libgcc.a(_mul_sf.o)
                                                  c:/winavr-20100110/bin/../lib/gcc/avr/4.3.3/avr3\libgcc.a(_addsub_sf.o)
__unpack_f                                        c:/winavr-20100110/bin/../lib/gcc/avr/4.3.3/avr3\libgcc.a(_unpack_sf.o)
                                                  c:/winavr-20100110/bin/../lib/gcc/avr/4.3.3/avr3\libgcc.a(_sf_to_si.o)
                                                  c:/winavr-20100110/bin/../lib/gcc/avr/4.3.3/avr3\libgcc.a(_lt_sf.o)
                                                  c:/winavr-20100110/bin/../lib/gcc/avr/4.3.3/avr3\libgcc.a(_ge_sf.o)
                                                  c:/winavr-20100110/bin/../lib/gcc/avr/4.3.3/avr3\libgcc.a(_gt_sf.o)
                                                  c:/winavr-20100110/bin/../lib/gcc/avr/4.3.3/avr3\libgcc.a(_mul_sf.o)
                                                  c:/winavr-20100110/bin/../lib/gcc/avr/4.3.3/avr3\libgcc.a(_addsub_sf.o)
__vector_1                                        c:/winavr-20100110/bin/../lib/gcc/avr/4.3.3/../../../../avr/lib/avr3/crt43320.o
__vector_10                                       c:/winavr-20100110/bin/../lib/gcc/avr/4.3.3/../../../../avr/lib/avr3/crt43320.o
__vector_11                                       c:/winavr-20100110/bin/../lib/gcc/avr/4.3.3/../../../../avr/lib/avr3/crt43320.o
__vector_12                                       c:/winavr-20100110/bin/../lib/gcc/avr/4.3.3/../../../../avr/lib/avr3/crt43320.o
__vector_2                                        c:/winavr-20100110/bin/../lib/gcc/avr/4.3.3/../../../../avr/lib/avr3/crt43320.o
__vector_3                                        c:/winavr-20100110/bin/../lib/gcc/avr/4.3.3/../../../../avr/lib/avr3/crt43320.o
__vector_4                                        c:/winavr-20100110/bin/../lib/gcc/avr/4.3.3/../../../../avr/lib/avr3/crt43320.o
__vector_5                                        c:/winavr-20100110/bin/../lib/gcc/avr/4.3.3/../../../../avr/lib/avr3/crt43320.o
__vector_6                                        c:/winavr-20100110/bin/../lib/gcc/avr/4.3.3/../../../../avr/lib/avr3/crt43320.o
__vector_7                                        c:/winavr-20100110/bin/../lib/gcc/avr/4.3.3/../../../../avr/lib/avr3/crt43320.o
__vector_8                                        c:/winavr-20100110/bin/../lib/gcc/avr/4.3.3/../../../../avr/lib/avr3/crt43320.o
__vector_9                                        c:/winavr-20100110/bin/../lib/gcc/avr/4.3.3/../../../../avr/lib/avr3/crt43320.o
__vector_default                                  c:/winavr-20100110/bin/../lib/gcc/avr/4.3.3/../../../../avr/lib/avr3/crt43320.o
__vectors                                         c:/winavr-20100110/bin/../lib/gcc/avr/4.3.3/../../../../avr/lib/avr3/crt43320.o
_exit                                             c:/winavr-20100110/bin/../lib/gcc/avr/4.3.3/avr3\libgcc.a(_exit.o)
exit                                              c:/winavr-20100110/bin/../lib/gcc/avr/4.3.3/avr3\libgcc.a(_exit.o)
                                                  c:/winavr-20100110/bin/../lib/gcc/avr/4.3.3/../../../../avr/lib/avr3/crt43320.o
main                                              obj\Debug\main.o
                                                  c:/winavr-20100110/bin/../lib/gcc/avr/4.3.3/../../../../avr/lib/avr3/crt43320.o
